C51 COMPILER V9.60.7.0   TWO_WAY_TRAFFIC                                                   08/21/2025 11:26:56 PAGE 1   


C51 COMPILER V9.60.7.0, COMPILATION OF MODULE TWO_WAY_TRAFFIC
OBJECT MODULE PLACED IN .\Objects\two_way_traffic.obj
COMPILER INVOKED BY: C:\Keil_v5\C51\BIN\C51.EXE two_way_traffic.c OPTIMIZE(8,SPEED) BROWSE DEBUG OBJECTEXTEND PRINT(.\Li
                    -stings\two_way_traffic.lst) TABS(2) OBJECT(.\Objects\two_way_traffic.obj)

line level    source

   1          #include<reg51.h>
   2          sbit red_led1=P2^0;
   3          sbit yellow_led1=P2^1;
   4          sbit green_led1=P2^2;
   5          
   6          sbit red_led2=P3^0;
   7          sbit yellow_led2=P3^1;
   8          sbit green_led2=P3^2;
   9          
  10          void delay(unsigned int time){
  11   1        int i,j;
  12   1        for(i=0;i<time;i++){
  13   2          for(j=0;j<1275;j++);
  14   2        }   
  15   1      }
  16          int main(){
  17   1        while(1){
  18   2          red_led1=0;
  19   2          yellow_led1=0;
  20   2          green_led1=1;
  21   2          red_led2=1;
  22   2          yellow_led2=0;
  23   2          green_led2=0;
  24   2          delay(200);
  25   2          
  26   2          red_led2=0;
  27   2          yellow_led2=1;
  28   2          green_led2=0;
  29   2          delay(200);
  30   2          
  31   2          red_led1=1;
  32   2          yellow_led1=0;
  33   2          green_led1=0;
  34   2          red_led2=0;
  35   2          yellow_led2=0;
  36   2          green_led2=1;
  37   2          delay(200);
  38   2          
  39   2          red_led1=0;
  40   2          yellow_led1=1;
  41   2          green_led1=0;
  42   2          delay(200);
  43   2        }
  44   1        return 0;
  45   1      }
*** WARNING C294 IN LINE 44 OF two_way_traffic.c: unreachable code


MODULE INFORMATION:   STATIC OVERLAYABLE
   CODE SIZE        =     86    ----
   CONSTANT SIZE    =   ----    ----
   XDATA SIZE       =   ----    ----
   PDATA SIZE       =   ----    ----
   DATA SIZE        =   ----    ----
C51 COMPILER V9.60.7.0   TWO_WAY_TRAFFIC                                                   08/21/2025 11:26:56 PAGE 2   

   IDATA SIZE       =   ----    ----
   BIT SIZE         =   ----    ----
END OF MODULE INFORMATION.


C51 COMPILATION COMPLETE.  1 WARNING(S),  0 ERROR(S)
